== S.H.I.O.K. local launch check ==
repo=C:\shiok
bundle=generated_20260804_safe_bus_route_honesty55_targeted
deploy=false
port_adjusted=3110->3111

== Python tests ==
============================= test session starts =============================
platform win32 -- Python 3.12.10, pytest-9.1.1, pluggy-1.6.0
rootdir: C:\shiok
configfile: pyproject.toml
testpaths: tests
plugins: anyio-4.14.2, hypothesis-6.161.5
collected 268 items

tests\test_audit_current_bundle.py ....                                  [  1%]
tests\test_audited_shelter_corrections.py ..                             [  2%]
tests\test_batch_plan.py .......                                         [  4%]
tests\test_bus.py ...                                                    [  5%]
tests\test_bus_arrivals.py ...                                           [  7%]
tests\test_compare_targeted_scores.py ...........                        [ 11%]
tests\test_connector_candidates.py ....                                  [ 12%]
tests\test_diagnose_bus_connectors.py .........                          [ 16%]
tests\test_env.py ..                                                     [ 16%]
tests\test_export.py ......................                              [ 25%]
tests\test_fetch.py .......                                              [ 27%]
tests\test_geocode_universe.py ...                                       [ 28%]
tests\test_hdb_void_deck_inference.py .............                      [ 33%]
tests\test_manifest_schema.py .                                          [ 33%]
tests\test_mayflower_qa_summary.py ....                                  [ 35%]
tests\test_network_preflight.py .....                                    [ 37%]
tests\test_network_qa.py .....                                           [ 39%]
tests\test_onemap_validation.py ............                             [ 43%]
tests\test_osm_tags.py ....                                              [ 45%]
tests\test_overture_addresses.py .....                                   [ 47%]
tests\test_partial_resnap_rescore.py ..                                  [ 47%]
tests\test_postal_universe.py ..........                                 [ 51%]
tests\test_production_readiness.py ......                                [ 53%]
tests\test_promote_audited_shelter_corrections.py ...                    [ 54%]
tests\test_publish.py ....                                               [ 56%]
tests\test_rebuild_network_debug.py ..                                   [ 57%]
tests\test_replay_onemap_outliers.py .........                           [ 60%]
tests\test_route_feedback.py .....                                       [ 62%]
tests\test_routing.py .......                                            [ 64%]
tests\test_score_batch.py .......                                        [ 67%]
tests\test_scoring.py ...........                                        [ 71%]
tests\test_scoring_integration.py ...................................... [ 85%]
.                                                                        [ 86%]
tests\test_shade.py ....                                                 [ 87%]
tests\test_shelter_skeleton.py ..                                        [ 88%]
tests\test_stub.py .                                                     [ 88%]
tests\test_targeted_bundle_refresh.py .........                          [ 92%]
tests\test_triage_onemap_outliers.py .....................               [100%]

============================ 268 passed in 17.34s =============================

== Web dependencies ==
web_dependencies=present

== Web tests ==
npm notice run shiok-web@0.1.0 test
npm notice run node scripts/test-web.mjs

[1m[30m[46m RUN [49m[39m[22m [36mv4.1.10 [39m[90mC:/shiok/web[39m

 [32mΓ£ô[39m lib/__tests__/score-card-copy.test.ts [2m([22m[2m2 tests[22m[2m)[22m[32m 9[2mms[22m[39m
 [32mΓ£ô[39m lib/__tests__/route-evidence-map-interaction.test.ts [2m([22m[2m2 tests[22m[2m)[22m[32m 8[2mms[22m[39m
 [32mΓ£ô[39m lib/__tests__/polyline.test.ts [2m([22m[2m1 test[22m[2m)[22m[32m 4[2mms[22m[39m
 [32mΓ£ô[39m lib/__tests__/ignore-build.test.mjs [2m([22m[2m5 tests[22m[2m)[22m[32m 7[2mms[22m[39m
 [32mΓ£ô[39m lib/__tests__/route-geojson.test.ts [2m([22m[2m2 tests[22m[2m)[22m[32m 10[2mms[22m[39m
 [32mΓ£ô[39m lib/__tests__/deployment.test.ts [2m([22m[2m8 tests[22m[2m)[22m[32m 21[2mms[22m[39m
 [32mΓ£ô[39m lib/__tests__/route-display.test.ts [2m([22m[2m4 tests[22m[2m)[22m[32m 5[2mms[22m[39m
 [32mΓ£ô[39m lib/__tests__/transit-popup.test.ts [2m([22m[2m3 tests[22m[2m)[22m[32m 10[2mms[22m[39m
 [32mΓ£ô[39m lib/__tests__/geom-promoted-shard.test.ts [2m([22m[2m2 tests[22m[2m)[22m[32m 68[2mms[22m[39m
 [32mΓ£ô[39m lib/__tests__/transit-shards.test.ts [2m([22m[2m2 tests[22m[2m)[22m[32m 35[2mms[22m[39m
 [32mΓ£ô[39m lib/__tests__/score-prefix-index.test.ts [2m([22m[2m1 test[22m[2m)[22m[32m 102[2mms[22m[39m
 [32mΓ£ô[39m lib/__tests__/data-base.test.ts [2m([22m[2m3 tests[22m[2m)[22m[32m 4[2mms[22m[39m
 [32mΓ£ô[39m lib/__tests__/data.test.ts [2m([22m[2m3 tests[22m[2m)[22m[32m 181[2mms[22m[39m

[2m Test Files [22m [1m[32m13 passed[39m[22m[90m (13)[39m
[2m      Tests [22m [1m[32m38 passed[39m[22m[90m (38)[39m
[2m   Start at [22m 13:08:38
[2m   Duration [22m 879ms[2m (transform 1.36s, setup 0ms, import 1.83s, tests 465ms, environment 3ms)[22m


== Fresh-bundle web build ==
npm notice run shiok-web@0.1.0 build
npm notice run node scripts/ensure-data-bundle.mjs && next build
using local data bundle C:\shiok\web\public\data\generated_20260804_safe_bus_route_honesty55_targeted
   Γû▓ Next.js 15.5.21

   Creating an optimized production build ...
 Γ£ô Compiled successfully in 1731ms
   Linting and checking validity of types ...
   Collecting page data ...
   Generating static pages (0/6) ...
   Generating static pages (1/6) 
   Generating static pages (2/6) 
   Generating static pages (4/6) 
 Γ£ô Generating static pages (6/6)
   Finalizing page optimization ...
   Collecting build traces ...

Route (app)                                 Size  First Load JS
Γöî Γùï /                                    63.6 kB         166 kB
Γö£ Γùï /_not-found                            993 B         104 kB
Γö£ ╞Æ /api/onemap-search                     123 B         103 kB
Γöö Γùï /icon.svg                                0 B            0 B
+ First Load JS shared by all             103 kB
  Γö£ chunks/255-62902f04efbdd792.js       46.3 kB
  Γö£ chunks/4bd1b696-c023c6e3521b1417.js  54.2 kB
  Γöö other shared chunks (total)          2.04 kB


Γùï  (Static)   prerendered as static content
╞Æ  (Dynamic)  server-rendered on demand


== Pending-bundle readiness ==
{
  "batch_plan": {
    "bounded_geocoding": {
      "completed_fill": {
        "cache_db": "C:\\shiok\\raw\\geocode_cache.db",
        "cache_failures": 476,
        "cache_successes": 99,
        "delay_seconds": 2.0,
        "dry_run": false,
        "errors": [],
        "filled_successes": 99,
        "http_requests": 0,
        "input": "processed\\postal_universe_candidate_full_registered.parquet",
        "needs_geocode_after": 476,
        "ok": true,
        "output": "processed\\postal_universe_candidate_full_registered_geocoded.parquet",
        "queued_postals": 575,
        "ready_to_score_after": 123967,
        "retry_cached_failures": false,
        "status_counts": {
          "NOT_FOUND": 476,
          "SUCCESS": 99
        },
        "summary": "processed\\postal_universe_candidate_full_registered_geocoded_summary.json",
        "will_bruteforce": false
      },
      "consumer": "OneMap search API",
      "delay_seconds": 2.0,
      "minimum_wall_clock_human": "0s",
      "minimum_wall_clock_seconds": 0.0,
      "requests": 0,
      "scope": "completed bounded fill; remaining NEEDS_GEOCODE rows stay NOT_YET_SCORED",
      "unresolved_after_bounded_geocode": 476,
      "will_bruteforce": false
    },
    "checkpoint_gates": {
      "blockers": [
        "human approval required before full geocode/scoring batch",
        "human approval required before production deploy or mock-to-real frontend cutover",
        "postal universe uses third-party OneMap-derived 2020 source"
      ],
      "full_batch_allowed_now": false,
      "full_geocode_scoring_batch_requires_human_approval": true,
      "island_network_qa_ok": true,
      "production_deploy_requires_human_approval": true,
      "requires_human_approval_for_universe": true
    },
    "errors": [],
    "ok": true,
    "postal_universe": {
      "generated_at": "2026-08-01T22:19:12.619017+00:00",
      "mode": "candidate_full_registered",
      "needs_geocode": 476,
      "parquet_rows": 124443,
      "ready_to_score": 123967,
      "source_only_counts": {
        "acra_registered_entities": 366,
        "hdb_existing_building": 15,
        "osm_addr_postcode": 1442,
        "other_uen_registered_entities": 172,
        "postal_universe_onemap_2020": 8151,
        "sla_dwelling_information": 16,
        "ura_no_dwelling_units": 238
      },
      "source_stats": [
        {
          "path": "raw\\7c987511548de3a82da403cabca02702031e02ade8703a9e401417883dfeb702\\building_points.geojson",
          "raw_records": 13436,
          "records_with_coordinates": 13436,
          "sha256": "7c987511548de3a82da403cabca02702031e02ade8703a9e401417883dfeb702",
          "source_key": "hdb_existing_building",
          "url": null,
          "valid_unique_postals": 13436
        },
        {
          "path": "raw\\a520d2a54bf628c83a11c21ca63ee1cd46386fc0aadb896911133c0742150271\\sla_dwelling_information.geojson",
          "raw_records": 1420,
          "records_with_coordinates": 1420,
          "sha256": "a520d2a54bf628c83a11c21ca63ee1cd46386fc0aadb896911133c0742150271",
          "source_key": "sla_dwelling_information",
          "url": "https://data.gov.sg/datasets/d_e4495201ba4f77fa2ef9855bad6d2cd1/view",
          "valid_unique_postals": 1420
        },
        {
          "path": "raw\\9d249959b4010d00a7d91f8161f22188bbb0203a27185f91f46b41595f4884f0\\ura_no_dwelling_units.geojson",
          "raw_records": 83541,
          "records_with_coordinates": 83541,
          "sha256": "9d249959b4010d00a7d91f8161f22188bbb0203a27185f91f46b41595f4884f0",
          "source_key": "ura_no_dwelling_units",
          "url": "https://data.gov.sg/datasets/d_be71daeab5930f96b90ad2857454d876/view",
          "valid_unique_postals": 83541
        },
        {
          "path": "raw\\0cd4f995c2ab6b38b2985ba9417861e93dc1f58c8ffae06c3deecc37f259128d\\osm_extract.osm.pbf",
          "raw_records": 33743,
          "records_with_coordinates": 25629,
          "sha256": "0cd4f995c2ab6b38b2985ba9417861e93dc1f58c8ffae06c3deecc37f259128d",
          "source_key": "osm_addr_postcode",
          "url": null,
          "valid_unique_postals": 25629
        },
        {
          "path": "raw\\847ceebce6a9a8f5ca7e8ee32f6d857583c8d8025a0606be685411899ba59841\\postal_universe_onemap_2020.json.gz",
          "raw_records": 141848,
          "records_with_coordinates": 121515,
          "sha256": "847ceebce6a9a8f5ca7e8ee32f6d857583c8d8025a0606be685411899ba59841",
          "source_key": "postal_universe_onemap_2020",
          "url": "https://raw.githubusercontent.com/xuancong84/singapore-address-heatmap/master/singpostcode.json.gz",
          "valid_unique_postals": 121515
        },
        {
          "path": "raw\\5d18dbe22516ee9ce4f3ad9e86f54dbe8ae1b2306e2bc9b3ec03fc8bd9aae892\\acra_registered_entities.csv",
          "raw_records": 2105584,
          "records_with_coordinates": 0,
          "sha256": "5d18dbe22516ee9ce4f3ad9e86f54dbe8ae1b2306e2bc9b3ec03fc8bd9aae892",
          "source_key": "acra_registered_entities",
          "url": null,
          "valid_unique_postals": 47075
        },
        {
          "path": "raw\\8d2b048866a8af3109299e60eb67fbcdca99d6a8a001861abc3da05a909264b1\\other_uen_registered_entities.csv",
          "raw_records": 23118,
          "records_with_coordinates": 0,
          "sha256": "8d2b048866a8af3109299e60eb67fbcdca99d6a8a001861abc3da05a909264b1",
          "source_key": "other_uen_registered_entities",
          "url": "https://data.gov.sg/datasets/d_b1d2b840ab9e993570c037b706b39bb8/view",
          "valid_unique_postals": 7745
        },
        {
          "path": "raw\\geocode_cache.db",
          "raw_records": 99,
          "records_with_coordinates": 99,
          "sha256": "fffdd712a51b9060bfeb2e596de794ad9e97a286eb8752cee94c3f0950992c20",
          "source_key": "onemap_search_bounded_geocode",
          "url": "https://www.onemap.gov.sg/api/common/elastic/search",
          "valid_unique_postals": 99
        }
      ],
      "total_unique_postals": 124443,
      "warnings": [
        "postal_universe_onemap_2020 is a third-party OneMap-derived 2020 dump and must be human-approved before full-batch use"
      ]
    },
    "scoring_batch": {
      "epsg_internal": "EPSG:3414",
      "uses_project_conflated_graph": true,
      "uses_python_igraph": true,
      "would_emit_not_yet_scored": 476,
      "would_emit_records": 124443,
      "would_score_after_bounded_geocoding": 123967,
      "would_score_without_geocoding": 123967
    },
    "warnings": [
      "476 source-derived postals remain unresolved after bounded OneMap geocode"
    ]
  },
  "bundle": {
    "bundle": "generated_20260804_safe_bus_route_honesty55_targeted",
    "freshness": {
      "active_bundle_reflects_current_network": true,
      "bundle_generated_at": "2026-08-04T05:06:12.743903+00:00",
      "bundle_manifest_mtime": "2026-08-04T05:06:19.891571+00:00",
      "bundle_manifest_path": "web\\public\\data\\generated_20260804_safe_bus_route_honesty55_targeted\\manifest.json",
      "network_mtime": "2026-08-02T17:19:54.001575+00:00",
      "network_path": "C:\\shiok\\processed\\network_island.parquet",
      "stale_seconds": 0.0,
      "warning": null
    },
    "manifest_record_count": 124032,
    "no_transit_count": 9386,
    "not_yet_count": 319,
    "path": "web\\public\\data\\generated_20260804_safe_bus_route_honesty55_targeted",
    "score_provenance": {
      "manifest_path": "web\\public\\data\\generated_20260804_safe_bus_route_honesty55_targeted\\manifest.json",
      "missing_scoring_fingerprints": [],
      "missing_subscore_status": [],
      "ok": true,
      "scoring_fingerprint_count": 5,
      "source_hash_count": 14,
      "subscore_status_keys": [
        "access",
        "bus",
        "crossing",
        "heat",
        "rain"
      ],
      "warning": null
    },
    "state_counts": {
      "NOT_YET_SCORED": 319,
      "NO_TRANSIT_IN_RANGE": 9386,
      "SCORED": 112860,
      "SCORED_PARTIAL": 1467
    },
    "state_total_matches_manifest": true,
    "static_validation": {
      "errors": [],
      "file_count": 3182,
      "geometry_postals": 114327,
      "geometry_postals_with_route_segments": 114327,
      "indexed_postals": 124032,
      "ok": true,
      "score_prefixes": 530,
      "transit_features": 6011,
      "warnings": []
    }
  },
  "errors": [],
  "features": {
    "incorporated": {
      "all_known_source_derived_postals_scored_or_explicit_state": true,
      "broader_osm_covered_tags_from_hashed_pbf": true,
      "bus_as_transit_direct_fallback": true,
      "nparks_spatial_shade_proxy_heat_only": true,
      "ura_no_dwelling_units_postal_source": true
    },
    "not_incorporated": {
      "bellingcat_openinframap_overpass_as_production_feeds": "QA/discovery only unless raw bounded OSM query output is archived and hashed",
      "building_shadow_time_of_day": "future heat model",
      "canonical_140k_postal_universe": "not claimed; URA improves official-current coverage and Overture remains a candidate gate, but neither is a complete accepted source-of-record",
      "live_bus_or_mrt_arrivals": "requires runtime proxy or collected static aggregates",
      "mayflower_560231_560234_shelter_false_negative": "needs source-backed connector/correction review; no postal override",
      "nparks_lai_route_level_canopy": "LAI is calibration-only, not route geometry",
      "onemap_walk_validation_gate": "latest cached 2,000-postal OneMap walk validation failed: median abs delta 11.185% (max 10.0%), p95 abs delta 103.203% (max 25.0%), missing cache results 1, invalid cache results 1",
      "overture_addresses_sg_candidate": "optional archive/probe implemented; produced 125876-postal candidate universe with 1671 Overture-only postcodes; coordinate QA implemented with p95 23.5m and 41 postcodes over 1km; not active production until outlier review/rescore",
      "ura_expanded_scores_live": "postal prep produces 124443 candidate records and 123967 ready-to-score rows; not active production until full rescore/export/deploy"
    },
    "validation_gates": {
      "onemap_walk_validation": {
        "active_bundle": "generated_20260804_safe_bus_route_honesty55_targeted",
        "bundle": "generated_20260804_safe_bus_route_honesty55_targeted",
        "bundle_matches_active": true,
        "cached_results": 1998,
        "failing_subset_order": [
          {
            "count": 13,
            "median_abs_delta_m": 419.8,
            "median_abs_pct_delta": 74.748,
            "p95_abs_delta_m": 911.5,
            "p95_abs_pct_delta": 156.05,
            "subset": "endpoint_connector"
          },
          {
            "count": 1589,
            "median_abs_delta_m": 32.9,
            "median_abs_pct_delta": 12.038,
            "p95_abs_delta_m": 330.2,
            "p95_abs_pct_delta": 111.434,
            "subset": "graph_routed_bus_stop"
          },
          {
            "count": 1998,
            "median_abs_delta_m": 35.7,
            "median_abs_pct_delta": 11.185,
            "p95_abs_delta_m": 349.6,
            "p95_abs_pct_delta": 103.203,
            "subset": "all_valid_cached"
          },
          {
            "count": 1985,
            "median_abs_delta_m": 35.1,
            "median_abs_pct_delta": 11.047,
            "p95_abs_delta_m": 335.8,
            "p95_abs_pct_delta": 102.651,
            "subset": "graph_routed_without_endpoint_connector"
          },
          {
            "count": 1994,
            "median_abs_delta_m": 35.5,
            "median_abs_pct_delta": 11.116,
            "p95_abs_delta_m": 349.0,
            "p95_abs_pct_delta": 102.404,
            "subset": "non_tiny_onemap_walk_gt_20m"
          },
          {
            "count": 11,
            "median_abs_delta_m": 421.9,
            "median_abs_pct_delta": 74.667,
            "p95_abs_delta_m": 920.2,
            "p95_abs_pct_delta": 97.064,
            "subset": "endpoint_connector_plausible_onemap_distance"
          },
          {
            "count": 1543,
            "median_abs_delta_m": 32.1,
            "median_abs_pct_delta": 11.723,
            "p95_abs_delta_m": 318.2,
            "p95_abs_pct_delta": 95.767,
            "subset": "graph_routed_bus_stop_plausible_onemap_distance"
          },
          {
            "count": 1948,
            "median_abs_delta_m": 34.7,
            "median_abs_pct_delta": 10.839,
            "p95_abs_delta_m": 338.1,
            "p95_abs_pct_delta": 91.102,
            "subset": "plausible_onemap_distance"
          },
          {
            "count": 1937,
            "median_abs_delta_m": 34.0,
            "median_abs_pct_delta": 10.679,
            "p95_abs_delta_m": 323.3,
            "p95_abs_pct_delta": 90.15,
            "subset": "graph_routed_without_endpoint_connector_plausible_onemap_distance"
          },
          {
            "count": 396,
            "median_abs_delta_m": 42.9,
            "median_abs_pct_delta": 6.726,
            "p95_abs_delta_m": 347.5,
            "p95_abs_pct_delta": 59.661,
            "subset": "graph_routed_mrt_lrt"
          },
          {
            "count": 394,
            "median_abs_delta_m": 42.8,
            "median_abs_pct_delta": 6.694,
            "p95_abs_delta_m": 348.3,
            "p95_abs_pct_delta": 56.875,
            "subset": "graph_routed_mrt_lrt_plausible_onemap_distance"
          }
        ],
        "gate_passed": false,
        "generated_at": "2026-08-04T05:07:27.645017+00:00",
        "invalid_cache_results": 1,
        "median_abs_pct_delta": 11.185,
        "missing_cache_results": 1,
        "p95_abs_pct_delta": 103.203,
        "report_path": "C:\\shiok\\qa\\onemap_validation_cached_report_pending_honesty55_20260804.json",
        "sample_size": 2000,
        "state": "failed",
        "subset_summary": {
          "all_valid_cached": {
            "count": 1998,
            "median_abs_delta_m": 35.7,
            "median_abs_pct_delta": 11.185,
            "over_25_pct_count": 553,
            "over_50_pct_count": 291,
            "p95_abs_delta_m": 349.6,
            "p95_abs_pct_delta": 103.203,
            "thresholds_passed": false
          },
          "endpoint_connector": {
            "count": 13,
            "median_abs_delta_m": 419.8,
            "median_abs_pct_delta": 74.748,
            "over_25_pct_count": 12,
            "over_50_pct_count": 12,
            "p95_abs_delta_m": 911.5,
            "p95_abs_pct_delta": 156.05,
            "thresholds_passed": false
          },
          "endpoint_connector_plausible_onemap_distance": {
            "count": 11,
            "median_abs_delta_m": 421.9,
            "median_abs_pct_delta": 74.667,
            "over_25_pct_count": 10,
            "over_50_pct_count": 10,
            "p95_abs_delta_m": 920.2,
            "p95_abs_pct_delta": 97.064,
            "thresholds_passed": false
          },
          "graph_routed_bus_stop": {
            "count": 1589,
            "median_abs_delta_m": 32.9,
            "median_abs_pct_delta": 12.038,
            "over_25_pct_count": 475,
            "over_50_pct_count": 250,
            "p95_abs_delta_m": 330.2,
            "p95_abs_pct_delta": 111.434,
            "thresholds_passed": false
          },
          "graph_routed_bus_stop_plausible_onemap_distance": {
            "count": 1543,
            "median_abs_delta_m": 32.1,
            "median_abs_pct_delta": 11.723,
            "over_25_pct_count": 439,
            "over_50_pct_count": 218,
            "p95_abs_delta_m": 318.2,
            "p95_abs_pct_delta": 95.767,
            "thresholds_passed": false
          },
          "graph_routed_mrt_lrt": {
            "count": 396,
            "median_abs_delta_m": 42.9,
            "median_abs_pct_delta": 6.726,
            "over_25_pct_count": 66,
            "over_50_pct_count": 29,
            "p95_abs_delta_m": 347.5,
            "p95_abs_pct_delta": 59.661,
            "thresholds_passed": false
          },
          "graph_routed_mrt_lrt_plausible_onemap_distance": {
            "count": 394,
            "median_abs_delta_m": 42.8,
            "median_abs_pct_delta": 6.694,
            "over_25_pct_count": 64,
            "over_50_pct_count": 27,
            "p95_abs_delta_m": 348.3,
            "p95_abs_pct_delta": 56.875,
            "thresholds_passed": false
          },
          "graph_routed_without_endpoint_connector": {
            "count": 1985,
            "median_abs_delta_m": 35.1,
            "median_abs_pct_delta": 11.047,
            "over_25_pct_count": 541,
            "over_50_pct_count": 279,
            "p95_abs_delta_m": 335.8,
            "p95_abs_pct_delta": 102.651,
            "thresholds_passed": false
          },
          "graph_routed_without_endpoint_connector_plausible_onemap_distance": {
            "count": 1937,
            "median_abs_delta_m": 34.0,
            "median_abs_pct_delta": 10.679,
            "over_25_pct_count": 503,
            "over_50_pct_count": 245,
            "p95_abs_delta_m": 323.3,
            "p95_abs_pct_delta": 90.15,
            "thresholds_passed": false
          },
          "non_tiny_onemap_walk_gt_20m": {
            "count": 1994,
            "median_abs_delta_m": 35.5,
            "median_abs_pct_delta": 11.116,
            "over_25_pct_count": 549,
            "over_50_pct_count": 287,
            "p95_abs_delta_m": 349.0,
            "p95_abs_pct_delta": 102.404,
            "thresholds_passed": false
          },
          "plausible_onemap_distance": {
            "count": 1948,
            "median_abs_delta_m": 34.7,
            "median_abs_pct_delta": 10.839,
            "over_25_pct_count": 513,
            "over_50_pct_count": 255,
            "p95_abs_delta_m": 338.1,
            "p95_abs_pct_delta": 91.102,
            "thresholds_passed": false
          }
        },
        "summary": "latest cached 2,000-postal OneMap walk validation failed: median abs delta 11.185% (max 10.0%), p95 abs delta 103.203% (max 25.0%), missing cache results 1, invalid cache results 1",
        "thresholds": {
          "median_abs_pct_delta_max": 10.0,
          "p95_abs_pct_delta_max": 25.0
        }
      }
    }
  },
  "generated_at": "2026-08-04T05:09:19.648181+00:00",
  "network": {
    "debug_path": "C:\\shiok\\qa\\island_debug.geojson",
    "errors": [],
    "metrics": {
      "audited_shelter_corrections": {
        "added_edges": 12,
        "approved_features": 12,
        "candidate_lines": 12,
        "path": "data\\audited_shelter_corrections.geojson",
        "skipped_edges": 0,
        "snap_max_m": 8.0
      },
      "connected_components_count": 2752,
      "covered_edge_length_m_audited_corrections": 440.3052758694887,
      "edges": 896830,
      "final_residual_components_gt_50": 77,
      "flags": [],
      "mean_edge_length_m": 17.853022466092206,
      "nodes": 653122,
      "osm_residual_components_gt_50": 77,
      "real_disconnection_count_final": 0,
      "real_disconnection_count_osm_only": 0,
      "shade_proxy_edge_count": 64541,
      "shade_proxy_weighted_length_m": 843339.2275912806,
      "top_5_component_sizes": [
        618084,
        1946,
        1470,
        1402,
        1295
      ]
    },
    "ok": true,
    "qa_path": "C:\\shiok\\qa\\conflation_qa_island.json",
    "warnings": []
  },
  "ok": true,
  "vercel": {
    "git_data_strategy": "web build downloads configured bundle from production when local data is absent",
    "linked": true,
    "project_id": "prj_y6GIQUdEyXXmtg3UTWkcJECKHdEE",
    "project_name": "sgshiok",
    "root_directory": "web",
    "root_directory_ok": true,
    "root_link": {
      "linked": true,
      "path": "C:\\shiok\\.vercel\\project.json",
      "payload": {
        "orgId": "team_ARK7HKobyCMp0PCArQTLxbz6",
        "projectId": "prj_y6GIQUdEyXXmtg3UTWkcJECKHdEE",
        "projectName": "sgshiok",
        "settings": {
          "buildCommand": "npm run build",
          "createdAt": 1785037769440,
          "devCommand": null,
          "directoryListing": false,
          "framework": "nextjs",
          "installCommand": "npm ci",
          "nodeVersion": "24.x",
          "outputDirectory": ".next",
          "rootDirectory": "web"
        }
      }
    },
    "warnings": [],
    "web_link": {
      "linked": true,
      "path": "C:\\shiok\\web\\.vercel\\project.json",
      "payload": {
        "orgId": "team_ARK7HKobyCMp0PCArQTLxbz6",
        "projectId": "prj_y6GIQUdEyXXmtg3UTWkcJECKHdEE",
        "projectName": "sgshiok"
      }
    }
  },
  "warnings": []
}

== Start local production server ==
server_pid=19452
server=ready

== Scored browser smoke ==
npm notice run shiok-web@0.1.0 qa:browser
npm notice run node scripts/browser-smoke.mjs --url http://127.0.0.1:3111/ --postals 560231,560234,570234 --out ..\qa\browser_smoke_launch_multi_20260804_130816.json
{
  "generated_at": "2026-08-04T05:09:32.344Z",
  "url": "http://127.0.0.1:3111/",
  "input_mode": "keyboard",
  "expected_state": "scored",
  "transit_mode": "best_transit",
  "route_mode": "shiokest",
  "must_include": [],
  "postals": [
    "560231",
    "560234",
    "570234"
  ],
  "result_count": 3,
  "results": [
    {
      "postal": "560231",
      "input_mode": "keyboard",
      "expected_state": "scored",
      "transit_mode": "best_transit",
      "route_mode": "shiokest",
      "must_include": [],
      "screenshots": [],
      "score_panel_excerpt": [
        "Postal 560231",
        "",
        "Mayflower Sec Sch",
        "",
        "97/100",
        "Best transit",
        "MRT/LRT",
        "Bus",
        "Shiokest",
        "Shortest (same)",
        "Exposed",
        "HDB inferred",
        "Bridge/underpass",
        "MRT/LRT",
        "Bus stop",
        "HDB inferred 95 m",
        "Audited shelter 72 m",
        "OSM covered 12 m",
        "Exposed 9 m",
        "Mode",
        "Balanced",
        "Rain + AM",
        "Rain + PM",
        "Sunny + AM",
        "Sunny + PM",
        "Sunny midday",
        "Balanced scoring with scheduled buses",
        "Shiokest walk",
        "194 m",
        "Sheltered",
        "92%",
        "Extra walk"
      ],
      "map_label": "Route evidence map for Postal 560231, showing Shiokest route",
      "map_summary": "Route evidence for Postal 560231. Showing 9 Shiokest segments, 3 exposed gaps, and 3 MRT or LRT stations, 15 exits, and 92 bus stops.",
      "active_transit_mode": "Best transit",
      "active_route_mode": "",
      "metrics": {
        "viewportWidth": 390,
        "viewportHeight": 667,
        "cardBottom": 664.046875,
        "viewportBottom": 667,
        "detailsVisible": true,
        "overlayClientHeight": 518,
        "overlayScrollHeight": 518
      },
      "checks": {
        "score_panel_loaded": true,
        "pending_badge_absent": true,
        "map_has_text_equivalent": true,
        "short_mobile_card_bottom_visible": true,
        "keyboard_search_used": true,
        "transit_mode_selected": true,
        "route_mode_selected": true,
        "required_text_present": true,
        "score_has_max_denominator": true,
        "transit_legend_present": true,
        "route_mode_present": true
      },
      "ok": true
    },
    {
      "postal": "560234",
      "input_mode": "keyboard",
      "expected_state": "scored",
      "transit_mode": "best_transit",
      "route_mode": "shiokest",
      "must_include": [],
      "screenshots": [],
      "score_panel_excerpt": [
        "Postal 560234",
        "",
        "Mayflower Sec Sch",
        "",
        "97/100",
        "Best transit",
        "MRT/LRT",
        "Bus",
        "Shiokest",
        "Shortest",
        "Exposed",
        "HDB inferred",
        "Bridge/underpass",
        "MRT/LRT",
        "Bus stop",
        "HDB inferred 233 m",
        "OSM covered 77 m",
        "Audited shelter 56 m",
        "Exposed 18 m",
        "Mode",
        "Balanced",
        "Rain + AM",
        "Rain + PM",
        "Sunny + AM",
        "Sunny + PM",
        "Sunny midday",
        "Balanced scoring with scheduled buses",
        "Shiokest walk",
        "401 m",
        "Sheltered",
        "91%",
        "Extra walk"
      ],
      "map_label": "Route evidence map for Postal 560234, showing Shiokest route",
      "map_summary": "Route evidence for Postal 560234. Showing 16 Shiokest segments, 4 exposed gaps, and 3 MRT or LRT stations, 15 exits, and 92 bus stops.",
      "active_transit_mode": "Best transit",
      "active_route_mode": "Shiokest",
      "metrics": {
        "viewportWidth": 390,
        "viewportHeight": 667,
        "cardBottom": 646.046875,
        "viewportBottom": 667,
        "detailsVisible": true,
        "overlayClientHeight": 500,
        "overlayScrollHeight": 500
      },
      "checks": {
        "score_panel_loaded": true,
        "pending_badge_absent": true,
        "map_has_text_equivalent": true,
        "short_mobile_card_bottom_visible": true,
        "keyboard_search_used": true,
        "transit_mode_selected": true,
        "route_mode_selected": true,
        "required_text_present": true,
        "score_has_max_denominator": true,
        "transit_legend_present": true,
        "route_mode_present": true
      },
      "ok": true
    },
    {
      "postal": "570234",
      "input_mode": "keyboard",
      "expected_state": "scored",
      "transit_mode": "best_transit",
      "route_mode": "shiokest",
      "must_include": [],
      "screenshots": [],
      "score_panel_excerpt": [
        "Postal 570234",
        "",
        "Opp Bishan Nth Shop Mall",
        "",
        "100/100",
        "Best transit",
        "MRT/LRT",
        "Bus",
        "Shiokest",
        "Shortest (same)",
        "Exposed",
        "HDB inferred",
        "Bridge/underpass",
        "MRT/LRT",
        "Bus stop",
        "HDB inferred 101 m",
        "OSM covered 18 m",
        "Mode",
        "Balanced",
        "Rain + AM",
        "Rain + PM",
        "Sunny + AM",
        "Sunny + PM",
        "Sunny midday",
        "Balanced scoring with scheduled buses",
        "Shiokest walk",
        "119 m",
        "Sheltered",
        "100%",
        "Extra walk",
        "0 m",
        "119 m to transit"
      ],
      "map_label": "Route evidence map for Postal 570234, showing Shiokest route",
      "map_summary": "Route evidence for Postal 570234. Showing 5 Shiokest segments, 0 exposed gaps, and 3 MRT or LRT stations, 13 exits, and 88 bus stops.",
      "active_transit_mode": "Best transit",
      "active_route_mode": "",
      "metrics": {
        "viewportWidth": 390,
        "viewportHeight": 667,
        "cardBottom": 664.046875,
        "viewportBottom": 667,
        "detailsVisible": true,
        "overlayClientHeight": 518,
        "overlayScrollHeight": 518
      },
      "checks": {
        "score_panel_loaded": true,
        "pending_badge_absent": true,
        "map_has_text_equivalent": true,
        "short_mobile_card_bottom_visible": true,
        "keyboard_search_used": true,
        "transit_mode_selected": true,
        "route_mode_selected": true,
        "required_text_present": true,
        "score_has_max_denominator": true,
        "transit_legend_present": true,
        "route_mode_present": true
      },
      "ok": true
    }
  ],
  "ok": true
}

== Mayflower MRT-only browser smoke ==
npm notice run shiok-web@0.1.0 qa:browser
npm notice run node scripts/browser-smoke.mjs --url http://127.0.0.1:3111/ --postal 560231 --transit-mode mrt_lrt --must-include Mayflower MRT Station --out ..\qa\browser_smoke_mayflower_mrt_560231_20260804_130816.json --debug-port 3210
{
  "generated_at": "2026-08-04T05:10:07.283Z",
  "url": "http://127.0.0.1:3111/",
  "input_mode": "keyboard",
  "expected_state": "scored",
  "transit_mode": "mrt_lrt",
  "route_mode": "shiokest",
  "must_include": [
    "Mayflower MRT Station"
  ],
  "postal": "560231",
  "screenshots": [],
  "score_panel_excerpt": [
    "Postal 560231",
    "",
    "Mayflower MRT Station Exit 5",
    "",
    "71/100",
    "Best transit",
    "MRT/LRT",
    "Bus",
    "Shiokest",
    "Shortest (same)",
    "Exposed",
    "HDB inferred",
    "Bridge/underpass",
    "MRT/LRT",
    "Bus stop",
    "Exposed 293 m",
    "HDB inferred 125 m",
    "Transit connector 12 m",
    "Bridge/underpass 8 m",
    "Mode",
    "Balanced",
    "Rain + AM",
    "Rain + PM",
    "Sunny + AM",
    "Sunny + PM",
    "Sunny midday",
    "Balanced scoring with scheduled buses",
    "Shiokest walk",
    "440 m",
    "Sheltered",
    "30%",
    "Extra walk"
  ],
  "map_label": "Route evidence map for Postal 560231, showing Shiokest route",
  "map_summary": "Route evidence for Postal 560231. Showing 8 Shiokest segments, 3 exposed gaps, and 3 MRT or LRT stations, 15 exits, and 92 bus stops.",
  "active_transit_mode": "MRT/LRT",
  "active_route_mode": "",
  "metrics": {
    "viewportWidth": 390,
    "viewportHeight": 667,
    "cardBottom": 664.046875,
    "viewportBottom": 667,
    "detailsVisible": true,
    "overlayClientHeight": 518,
    "overlayScrollHeight": 518
  },
  "checks": {
    "score_panel_loaded": true,
    "pending_badge_absent": true,
    "map_has_text_equivalent": true,
    "short_mobile_card_bottom_visible": true,
    "keyboard_search_used": true,
    "transit_mode_selected": true,
    "route_mode_selected": true,
    "required_text_present": true,
    "score_has_max_denominator": true,
    "transit_legend_present": true,
    "route_mode_present": true
  },
  "ok": true
}

== Route compare browser smoke ==
npm notice run shiok-web@0.1.0 qa:browser
npm notice run node scripts/browser-smoke.mjs --url http://127.0.0.1:3111/ --postal 560109 --route-mode both --must-include shortest segments --out ..\qa\browser_smoke_route_compare_560109_20260804_130816.json --debug-port 3209
{
  "generated_at": "2026-08-04T05:10:42.281Z",
  "url": "http://127.0.0.1:3111/",
  "input_mode": "keyboard",
  "expected_state": "scored",
  "transit_mode": "best_transit",
  "route_mode": "both",
  "must_include": [
    "shortest segments"
  ],
  "postal": "560109",
  "screenshots": [],
  "score_panel_excerpt": [
    "Postal 560109",
    "",
    "Mayflower MRT Station Exit 4",
    "",
    "74/100",
    "Best transit",
    "MRT/LRT",
    "Bus",
    "Shiokest",
    "Shortest",
    "Exposed",
    "HDB inferred",
    "Bridge/underpass",
    "MRT/LRT",
    "Bus stop",
    "HDB inferred 428 m",
    "Exposed 38 m",
    "Mode",
    "Balanced",
    "Rain + AM",
    "Rain + PM",
    "Sunny + AM",
    "Sunny + PM",
    "Sunny midday",
    "Balanced scoring with scheduled buses",
    "Shiokest walk",
    "466 m",
    "Sheltered",
    "92%",
    "Extra walk",
    "+17 m",
    "Limited bus connectivity"
  ],
  "map_label": "Route evidence map for Postal 560109, showing shortest and Shiokest routes",
  "map_summary": "Route evidence for Postal 560109. Showing 13 Shiokest segments and 11 shortest segments, 2 exposed gaps, and 5 MRT or LRT stations, 23 exits, and 125 bus stops.",
  "active_transit_mode": "Best transit",
  "active_route_mode": "Both",
  "metrics": {
    "viewportWidth": 390,
    "viewportHeight": 667,
    "cardBottom": 619.046875,
    "viewportBottom": 667,
    "detailsVisible": true,
    "overlayClientHeight": 473,
    "overlayScrollHeight": 473
  },
  "checks": {
    "score_panel_loaded": true,
    "pending_badge_absent": true,
    "map_has_text_equivalent": true,
    "short_mobile_card_bottom_visible": true,
    "keyboard_search_used": true,
    "transit_mode_selected": true,
    "route_mode_selected": true,
    "required_text_present": true,
    "score_has_max_denominator": true,
    "transit_legend_present": true,
    "route_mode_present": true
  },
  "ok": true
}

== No-transit browser smoke ==
npm notice run shiok-web@0.1.0 qa:browser
npm notice run node scripts/browser-smoke.mjs --url http://127.0.0.1:3111/ --postal 567754 --expected-state no_transit --out ..\qa\browser_smoke_no_transit_567754_20260804_130816.json --debug-port 3211
{
  "generated_at": "2026-08-04T05:11:16.639Z",
  "url": "http://127.0.0.1:3111/",
  "input_mode": "keyboard",
  "expected_state": "no_transit",
  "transit_mode": "best_transit",
  "route_mode": "shiokest",
  "must_include": [],
  "postal": "567754",
  "screenshots": [],
  "score_panel_excerpt": [
    "Postal 567754",
    "",
    "Transit beyond scoring range",
    "",
    "No score",
    "Closest routed transit is 1.8 km",
    "Current scoring range is 1.2 km",
    "",
    "Closest routed transit found is about 1.8 km away; current scoring range is 1.2 km.",
    "",
    "Suggest better route",
    "Clear",
    "Copy QA JSON",
    "Details"
  ],
  "map_label": "Singapore transit map with MRT stations, LRT stations, and bus stops",
  "map_summary": "Singapore map with 190 MRT or LRT stations, 613 exits, and 5208 bus stops. Search for a postal code to show route evidence.",
  "active_transit_mode": "",
  "active_route_mode": "",
  "metrics": {
    "viewportWidth": 390,
    "viewportHeight": 667,
    "cardBottom": 394.734375,
    "viewportBottom": 667,
    "detailsVisible": true,
    "overlayClientHeight": 249,
    "overlayScrollHeight": 249
  },
  "checks": {
    "score_panel_loaded": true,
    "pending_badge_absent": true,
    "map_has_text_equivalent": true,
    "short_mobile_card_bottom_visible": true,
    "keyboard_search_used": true,
    "transit_mode_selected": true,
    "route_mode_selected": true,
    "required_text_present": true,
    "no_transit_state_present": true
  },
  "ok": true
}

== Not-yet-scored browser smoke ==
npm notice run shiok-web@0.1.0 qa:browser
npm notice run node scripts/browser-smoke.mjs --url http://127.0.0.1:3111/ --postal 000104 --expected-state not_yet_scored --out ..\qa\browser_smoke_not_yet_scored_000104_20260804_130816.json --debug-port 3212
{
  "generated_at": "2026-08-04T05:11:50.910Z",
  "url": "http://127.0.0.1:3111/",
  "input_mode": "keyboard",
  "expected_state": "not_yet_scored",
  "transit_mode": "best_transit",
  "route_mode": "shiokest",
  "must_include": [],
  "postal": "000104",
  "screenshots": [],
  "score_panel_excerpt": [
    "Postal 000104",
    "",
    "Location Evidence Missing",
    "",
    "No score",
    "Not scored in this bundle",
    "Needs usable location evidence",
    "",
    "This postal is in the source universe, but it still needs usable location evidence.",
    "",
    "Suggest better route",
    "Clear",
    "Copy QA JSON",
    "Details"
  ],
  "map_label": "Singapore transit map with MRT stations, LRT stations, and bus stops",
  "map_summary": "Singapore map with 190 MRT or LRT stations, 613 exits, and 5208 bus stops. Search for a postal code to show route evidence.",
  "active_transit_mode": "",
  "active_route_mode": "",
  "metrics": {
    "viewportWidth": 390,
    "viewportHeight": 667,
    "cardBottom": 394.734375,
    "viewportBottom": 667,
    "detailsVisible": true,
    "overlayClientHeight": 249,
    "overlayScrollHeight": 249
  },
  "checks": {
    "score_panel_loaded": true,
    "pending_badge_absent": true,
    "map_has_text_equivalent": true,
    "short_mobile_card_bottom_visible": true,
    "keyboard_search_used": true,
    "transit_mode_selected": true,
    "route_mode_selected": true,
    "required_text_present": true,
    "not_yet_scored_state_present": true,
    "not_yet_copy_distinct_from_no_transit": true
  },
  "ok": true
}

== Release plan only ==
== S.H.I.O.K. data bundle release ==
repo=C:\shiok
bundle=generated_20260804_safe_bus_route_honesty55_targeted
record_count=124032
generated_at=2026-08-04T05:06:12.743903+00:00

plan_only=true
release=not_started
reason=confirm_production_not_set
commands:
.\scripts\release-data-bundle.bat -DataBundle generated_20260804_safe_bus_route_honesty55_targeted -ConfirmProduction

This will validate locally, direct-deploy the ignored data bundle, wait for the production manifest, activate web/data-bundle.json, preflight, commit, and push.

launch_check=ok
next_production_command=.\scripts\release-data-bundle.bat -DataBundle generated_20260804_safe_bus_route_honesty55_targeted -ConfirmProduction
server=stopped
